// Jest Snapshot v1, https://goo.gl/fbAQLP

exports[`SpritesheetViewer renders correctly and matches the snapshot 1`] = `
<section>
  <div>
    <svg>
      <use
        xlinkHref="#test-one"
      />
    </svg>
    <span>
      test-one
    </span>
  </div>
</section>
`;
