// Jest Snapshot v1, https://goo.gl/fbAQLP

exports[`SvgSymbol renders correctly and matches the snapshot 1`] = `
<div>
  <svg>
    <use
      xlinkHref="#test-one"
    />
  </svg>
  <span>
    test-one
  </span>
</div>
`;
